// Jest Snapshot v1, https://goo.gl/fbAQLP

exports[`should display a Django icon 1`] = `
<DocumentFragment>
  <svg
    fill="#484848"
    height="32px"
    viewBox="0 0 128 128"
    width="32px"
  >
    <title>
      Django
    </title>
    <path
      d="M126.5 83.8c0 3.8-3.1 6.9-6.9 6.9h-111.2c-3.8 0-6.9-3.1-6.9-6.9v-39.6c0-3.8 3.1-6.9 6.9-6.9h111.2c3.8 0 6.9 3.1 6.9 6.9v39.6z"
      fill="#003A2B"
    />
    <path
      d="M23 45.6h6v27.4c-3 .6-5.3.8-7.7.8-7.2 0-11-3.3-11-9.5 0-6 4-10 10.2-10 1 0 1.7.1 2.6.3v-9h-.1zm0 13.8c-.7-.2-1.3-.3-2-.3-3 0-4.7 1.8-4.7 5.1 0 3.2 1.7 4.9 4.7 4.9.7 0 1.2 0 2-.2v-9.5zM38.4 54.8v13.7c0 4.7-.3 7-1.4 9-1 1.9-2.2 3.1-4.8 4.4l-5.5-2.6c2.6-1.2 3.9-2.3 4.7-4 .8-1.7 1.1-3.7 1.1-8.8v-11.7h5.9zm-5.9-9.1h5.9v6.1h-5.9v-6.1zM42 56.1c2.6-1.2 5.1-1.8 7.8-1.8 3 0 5 .8 5.9 2.4.5.9.7 2 .7 4.5v12c-2.7.4-6 .7-8.5.7-5 0-7.2-1.7-7.2-5.6 0-4.2 3-6.1 10.2-6.7v-1.3c0-1.1-.5-1.5-2-1.5-2.2 0-4.7.6-7 1.8v-4.5h.1zm9.2 9.4c-3.9.4-5.2 1-5.2 2.5 0 1.2.7 1.7 2.3 1.7.9 0 1.7-.1 2.8-.3v-3.9h.1zM59.3 55.7c3.5-.9 6.4-1.3 9.3-1.3 3 0 5.2.7 6.5 2 1.2 1.3 1.6 2.7 1.6 5.6v11.6h-5.9v-11.4c0-2.3-.8-3.1-2.9-3.1-.8 0-1.5.1-2.7.4v14.1h-5.9v-17.9zM79 76.8c2.1 1.1 4.2 1.6 6.3 1.6 3.9 0 5.5-1.6 5.5-5.3v-.1c-1.2.6-2.3.8-3.8.8-5.2 0-8.5-3.4-8.5-8.8 0-6.7 4.9-10.5 13.5-10.5 2.5 0 4.9.3 7.7.8l-2 4.3c-1.6-.3-.1 0-1.3-.2v.6l.1 2.5v3.2c0 .8 0 1.6.1 2.4v1.6c0 5.1-.4 7.5-1.7 9.4-1.8 2.9-5 4.3-9.6 4.3-2.3 0-4.3-.3-6.4-1.2v-5.4h.1zm11.8-17.6h-.6000000000000001c-1.2 0-2.5.3-3.4.8-1.4.8-2.2 2.3-2.2 4.3 0 3 1.5 4.7 4.1 4.7.8 0 1.5-.2 2.2-.4v-9.4h-.1zM109 54.3c5.9 0 9.5 3.7 9.5 9.8 0 6.2-3.8 10.1-9.8 10.1-5.9 0-9.6-3.7-9.6-9.7.1-6.3 3.9-10.2 9.9-10.2zm-.1 15c2.3 0 3.6-1.9 3.6-5.2 0-3.2-1.3-5.2-3.6-5.2s-3.7 1.9-3.7 5.2c.1 3.4 1.4 5.2 3.7 5.2z"
      fill="#fff"
    />
  </svg>
</DocumentFragment>
`;

exports[`should display a Gatsby icon 1`] = `
<DocumentFragment>
  <svg
    focusable="false"
    height="32px"
    viewBox="0 0 28 28"
    width="32px"
  >
    <title>
      Gatsby
    </title>
    <circle
      cx="14"
      cy="14"
      fill="#639"
      r="14"
    />
    <path
      d="M6.2 21.8C4.1 19.7 3 16.9 3 14.2L13.9 25c-2.8-.1-5.6-1.1-7.7-3.2zm10.2 2.9L3.3 11.6C4.4 6.7 8.8 3 14 3c3.7 0 6.9 1.8 8.9 4.5l-1.5 1.3C19.7 6.5 17 5 14 5c-3.9 0-7.2 2.5-8.5 6L17 22.5c2.9-1 5.1-3.5 5.8-6.5H18v-2h7c0 5.2-3.7 9.6-8.6 10.7z"
      fill="#fff"
    />
  </svg>
</DocumentFragment>
`;

exports[`should display a GraphQL icon 1`] = `
<DocumentFragment>
  <svg
    fill="#484848"
    height="32px"
    viewBox="0 0 400 400"
    width="32px"
  >
    <title>
      GraphQL
    </title>
    <g>
      <g>
        <g>
          <rect
            fill="#E535AB"
            height="320.3"
            transform="matrix(-0.866 -0.5 0.5 -0.866 163.3196 363.3136)"
            width="16.6"
            x="122"
            y="-0.4"
          />
        </g>
      </g>
      <g>
        <g>
          <rect
            fill="#E535AB"
            height="16.6"
            width="320.3"
            x="39.8"
            y="272.2"
          />
        </g>
      </g>
      <g>
        <g>
          <rect
            fill="#E535AB"
            height="16.6"
            transform="matrix(-0.866 -0.5 0.5 -0.866 83.0693 663.3409)"
            width="185"
            x="37.9"
            y="312.2"
          />
        </g>
      </g>
      <g>
        <g>
          <rect
            fill="#E535AB"
            height="16.6"
            transform="matrix(-0.866 -0.5 0.5 -0.866 463.3409 283.0693)"
            width="185"
            x="177.1"
            y="71.1"
          />
        </g>
      </g>
      <g>
        <g>
          <rect
            fill="#E535AB"
            height="185"
            transform="matrix(-0.5 -0.866 0.866 -0.5 126.7903 232.1221)"
            width="16.6"
            x="122.1"
            y="-13"
          />
        </g>
      </g>
      <g>
        <g>
          <rect
            fill="#E535AB"
            height="16.6"
            transform="matrix(-0.5 -0.866 0.866 -0.5 266.0828 473.3766)"
            width="320.3"
            x="109.6"
            y="151.6"
          />
        </g>
      </g>
      <g>
        <g>
          <rect
            fill="#E535AB"
            height="185"
            width="16.6"
            x="52.5"
            y="107.5"
          />
        </g>
      </g>
      <g>
        <g>
          <rect
            fill="#E535AB"
            height="185"
            width="16.6"
            x="330.9"
            y="107.5"
          />
        </g>
      </g>
      <g>
        <g>
          <rect
            fill="#E535AB"
            height="160.9"
            transform="matrix(-0.5 -0.866 0.866 -0.5 126.7953 714.2875)"
            width="14.5"
            x="262.4"
            y="240.1"
          />
        </g>
      </g>
      <path
        d="M369.5,297.9c-9.6,16.7-31,22.4-47.7,12.8c-16.7-9.6-22.4-31-12.8-47.7c9.6-16.7,31-22.4,47.7-12.8   C373.5,259.9,379.2,281.2,369.5,297.9"
        fill="#E535AB"
      />
      <path
        d="M90.9,137c-9.6,16.7-31,22.4-47.7,12.8c-16.7-9.6-22.4-31-12.8-47.7c9.6-16.7,31-22.4,47.7-12.8   C94.8,99,100.5,120.3,90.9,137"
        fill="#E535AB"
      />
      <path
        d="M30.5,297.9c-9.6-16.7-3.9-38,12.8-47.7c16.7-9.6,38-3.9,47.7,12.8c9.6,16.7,3.9,38-12.8,47.7   C61.4,320.3,40.1,314.6,30.5,297.9"
        fill="#E535AB"
      />
      <path
        d="M309.1,137c-9.6-16.7-3.9-38,12.8-47.7c16.7-9.6,38-3.9,47.7,12.8c9.6,16.7,3.9,38-12.8,47.7   C340.1,159.4,318.7,153.7,309.1,137"
        fill="#E535AB"
      />
      <path
        d="M200,395.8c-19.3,0-34.9-15.6-34.9-34.9c0-19.3,15.6-34.9,34.9-34.9c19.3,0,34.9,15.6,34.9,34.9   C234.9,380.1,219.3,395.8,200,395.8"
        fill="#E535AB"
      />
      <path
        d="M200,74c-19.3,0-34.9-15.6-34.9-34.9c0-19.3,15.6-34.9,34.9-34.9c19.3,0,34.9,15.6,34.9,34.9   C234.9,58.4,219.3,74,200,74"
        fill="#E535AB"
      />
    </g>
     
  </svg>
</DocumentFragment>
`;

exports[`should display a Next icon 1`] = `
<DocumentFragment>
  <svg
    fill="#484848"
    height="32px"
    viewBox=".145 .207 147.685 89.291"
    width="32px"
  >
    <title>
      Next
    </title>
    <path
      d="m34.992 23.495h27.855v2.219h-25.301v16.699h23.792v2.219h-23.792v18.334h25.591v2.219h-28.145zm30.35 0h2.96l13.115 18.334 13.405-18.334 18.233-23.288-29.955 43.549 15.436 21.429h-3.076l-14.043-19.502-14.101 19.502h-3.018l15.552-21.429-14.507-20.261zm34.297 2.219v-2.219h31.742v2.219h-14.623v39.47h-2.554v-39.47h-14.564zm-99.494-2.219h3.192l44.011 66.003-18.188-24.313-26.346-38.537-.116 38.537h-2.553zm130.98 38.801c-.523 0-.914-.405-.914-.928 0-.524.391-.929.913-.929.528 0 .913.405.913.929 0 .523-.385.928-.913.928zm2.508-2.443h1.367c.019.742.56 1.24 1.354 1.24.888 0 1.391-.535 1.391-1.539v-6.356h1.391v6.362c0 1.808-1.043 2.849-2.77 2.849-1.62 0-2.732-1.01-2.732-2.556zm7.322-.08h1.379c.118.853.95 1.395 2.149 1.395 1.117 0 1.937-.58 1.937-1.377 0-.685-.521-1.097-1.708-1.377l-1.155-.28c-1.62-.38-2.36-1.166-2.36-2.487 0-1.602 1.304-2.668 3.26-2.668 1.82 0 3.15 1.066 3.23 2.58h-1.354c-.13-.828-.85-1.346-1.894-1.346-1.1 0-1.832.53-1.832 1.34 0 .642.472 1.01 1.64 1.284l.987.243c1.838.43 2.596 1.178 2.596 2.53 0 1.72-1.33 2.799-3.453 2.799-1.987 0-3.323-1.029-3.422-2.637z"
    />
  </svg>
</DocumentFragment>
`;

exports[`should display a PWA icon 1`] = `
<DocumentFragment>
  <svg
    fill="#484848"
    height="32px"
    viewBox="0 -1.7407421375734522 256 97.92674213757344"
    width="32px"
  >
    <title>
      Progressive Web App
    </title>
    <g
      fill="none"
    >
      <path
        d="M165.35 96.185L204.209 0h-25.761l-26.58 62.157L132.964 0h-19.802L92.868 62.157 78.555 33.833 65.603 73.66l13.15 22.526h25.353l18.34-55.741 17.486 55.741z"
        fill="#fb8c00"
      />
      <path
        d="M24.393 63.166H40.22c4.795 0 9.064-.535 12.808-1.606l4.094-12.618 11.44-35.264a28.175 28.175 0 0 0-2.986-3.92C59.704 3.253 51.109 0 39.794 0H0v96.185h24.393zm20.95-41.038c2.295 2.31 3.442 5.402 3.442 9.276 0 3.903-1.01 6.998-3.027 9.286-2.212 2.542-6.285 3.813-12.219 3.813h-9.146v-25.84h9.214c5.53 0 9.442 1.155 11.737 3.465zm143.08 56.83l7.395-18.663h21.348l-10.131-28.31L219.707 0 256 96.185h-26.766l-6.201-17.227z"
        fill="#616161"
      />
    </g>
  </svg>
</DocumentFragment>
`;

exports[`should display a Swift icon 1`] = `
<DocumentFragment>
  <svg
    fill="#484848"
    height="32px"
    viewBox="0 0 128 128"
    width="32px"
  >
    <title>
      Swift
    </title>
    <g
      id="orignal"
    >
      <path
        d="M126.33,34.06a39.32,39.32,0,0,0-.79-7.83,28.78,28.78,0,0,0-2.65-7.58,28.84,28.84,0,0,0-4.76-6.32,23.42,23.42,0,0,0-6.62-4.55,27.27,27.27,0,0,0-7.68-2.53c-2.65-.51-5.56-.51-8.21-.76H30.25A45.46,45.46,0,0,0,24.16,5a21.82,21.82,0,0,0-5.82,1.52c-.53.25-1.32.51-1.85.76a33.82,33.82,0,0,0-5,3.28c-.53.51-1.06.76-1.59,1.26a22.41,22.41,0,0,0-4.76,6.32,23.61,23.61,0,0,0-2.65,7.58,78.5,78.5,0,0,0-.79,7.83V93.94a39.32,39.32,0,0,0,.79,7.83,28.78,28.78,0,0,0,2.65,7.58,28.84,28.84,0,0,0,4.76,6.32,23.42,23.42,0,0,0,6.62,4.55,27.27,27.27,0,0,0,7.68,2.53c2.65.51,5.56.51,8.21.76H95.63a45.08,45.08,0,0,0,8.21-.76,27.27,27.27,0,0,0,7.68-2.53,30.13,30.13,0,0,0,6.62-4.55,22.41,22.41,0,0,0,4.76-6.32,23.61,23.61,0,0,0,2.65-7.58,78.49,78.49,0,0,0,.79-7.83V34.06Z"
        style="fill: #f05138;"
      />
      <path
        d="M85,96.5c-11.11,6.13-26.38,6.76-41.75.47A64.53,64.53,0,0,1,13.84,73a50,50,0,0,0,10.85,6.32c15.87,7.1,31.73,6.61,42.9,0l0,0C51.69,67.66,38.19,52.5,28.13,40.12a43.47,43.47,0,0,1-5.29-6.82C35,43.91,54.34,57.3,61.22,61.09a271.77,271.77,0,0,1-27-32.34A266.8,266.8,0,0,0,78.69,63.62c.71.38,1.26.7,1.7,1a32.7,32.7,0,0,0,1.21-3.51c3.71-12.89-.53-27.54-9.79-39.67C93.25,33.81,106,57.05,100.66,76.51c-.14.53-.29,1-.45,1.55l.19.22c10.59,12.63,7.68,26,6.35,23.5C101,91,90.37,94.33,85,96.5Z"
        style="fill: #fefefe;"
      />
    </g>
  </svg>
</DocumentFragment>
`;

exports[`should display a WebComponents icon 1`] = `
<DocumentFragment>
  <svg
    height="32px"
    viewBox="0 0 64 64"
    width="32px"
  >
    <title>
      Web Components
    </title>
    <defs>
      <lineargradient
        gradientUnits="userSpaceOnUse"
        id="A"
        x1="61.1"
        x2="159"
        y1="32"
        y2="32"
      >
        <stop
          offset="0%"
          stop-color="#2a3b8f"
        />
        <stop
          offset="100%"
          stop-color="#29abe2"
        />
      </lineargradient>
      <lineargradient
        gradientUnits="userSpaceOnUse"
        id="B"
        x1="159"
        x2="61"
        y1="99.6"
        y2="99.6"
      >
        <stop
          offset="0%"
          stop-color="#b4d44e"
        />
        <stop
          offset="100%"
          stop-color="#e7f716"
        />
      </lineargradient>
    </defs>
    <g
      fill-rule="evenodd"
      transform="matrix(.399501 0 0 .399501 -.1598 5.652934)"
    >
      <path
        d="M160.6 65.9l-17.4 29.3-24.4-29.7 24.4-28.9z"
        fill="#166da5"
      />
      <path
        d="M141.3 100.2l-26.5-31.7-15.9 26.6 24.7 36.1z"
        fill="#8fdb69"
      />
      <path
        d="M141 31.4l-26.2 31.8-15.9-26.6L123.6.9z"
        fill="#166da5"
      />
      <path
        d="M61.1 31.4H141L123.4.7H78.7zm53.7 31.9H159l-15.9-26.8H98.8"
        fill="url(#A)"
        opacity=".95"
      />
      <path
        d="M141.3 100.3H61l17.6 30.5h45zm-26.5-31.9H159l-15.9 26.8H98.8"
        fill="url(#B)"
        opacity=".95"
      />
      <path
        d="M78.6 130.8L41 65.8 79.1.8H37.9L.4 65.8l37.5 65z"
        fill="#010101"
      />
    </g>
  </svg>
</DocumentFragment>
`;

exports[`should display a github icon 1`] = `
<DocumentFragment>
  <svg
    height="32"
    viewBox="0 0 128 128"
    width="32"
  >
    <title>
      Github
    </title>
    <path
      clip-rule="evenodd"
      d="M64 5.103c-33.347 0-60.388 27.035-60.388 60.388 0 26.682 17.303 49.317 41.297 57.303 3.017.56 4.125-1.31 4.125-2.905 0-1.44-.056-6.197-.082-11.243-16.8 3.653-20.345-7.125-20.345-7.125-2.747-6.98-6.705-8.836-6.705-8.836-5.48-3.748.413-3.67.413-3.67 6.063.425 9.257 6.223 9.257 6.223 5.386 9.23 14.127 6.562 17.573 5.02.542-3.903 2.107-6.568 3.834-8.076-13.413-1.525-27.514-6.704-27.514-29.843 0-6.593 2.36-11.98 6.223-16.21-.628-1.52-2.695-7.662.584-15.98 0 0 5.07-1.623 16.61 6.19C53.7 35 58.867 34.327 64 34.304c5.13.023 10.3.694 15.127 2.033 11.526-7.813 16.59-6.19 16.59-6.19 3.287 8.317 1.22 14.46.593 15.98 3.872 4.23 6.215 9.617 6.215 16.21 0 23.194-14.127 28.3-27.574 29.796 2.167 1.874 4.097 5.55 4.097 11.183 0 8.08-.07 14.583-.07 16.572 0 1.607 1.088 3.49 4.148 2.897 23.98-7.994 41.263-30.622 41.263-57.294C124.388 32.14 97.35 5.104 64 5.104z"
      fill="#484848"
      fill-rule="evenodd"
    />
    <path
      d="M26.484 91.806c-.133.3-.605.39-1.035.185-.44-.196-.685-.605-.543-.906.13-.31.603-.395 1.04-.188.44.197.69.61.537.91zm-.743-.55M28.93 94.535c-.287.267-.85.143-1.232-.28-.396-.42-.47-.983-.177-1.254.298-.266.844-.14 1.24.28.394.426.472.984.17 1.255zm-.575-.618M31.312 98.012c-.37.258-.976.017-1.35-.52-.37-.538-.37-1.183.01-1.44.373-.258.97-.025 1.35.507.368.545.368 1.19-.01 1.452zm0 0M34.573 101.373c-.33.365-1.036.267-1.552-.23-.527-.487-.674-1.18-.343-1.544.336-.366 1.045-.264 1.564.23.527.486.686 1.18.333 1.543zm0 0M39.073 103.324c-.147.473-.825.688-1.51.486-.683-.207-1.13-.76-.99-1.238.14-.477.823-.7 1.512-.485.683.206 1.13.756.988 1.237zm0 0M44.016 103.685c.017.498-.563.91-1.28.92-.723.017-1.308-.387-1.315-.877 0-.503.568-.91 1.29-.924.717-.013 1.306.387 1.306.88zm0 0M48.614 102.903c.086.485-.413.984-1.126 1.117-.7.13-1.35-.172-1.44-.653-.086-.498.422-.997 1.122-1.126.714-.123 1.354.17 1.444.663zm0 0"
    />
  </svg>
</DocumentFragment>
`;

exports[`should display a laravel icon 1`] = `
<DocumentFragment>
  <svg
    height="32px"
    viewBox="0 0 50 52"
    width="32px"
  >
    <title>
      Laravel
    </title>
    <path
      d="M49.626 11.564a.809.809 0 0 1 .028.209v10.972a.8.8 0 0 1-.402.694l-9.209 5.302V39.25c0 .286-.152.55-.4.694L20.42 51.01c-.044.025-.092.041-.14.058-.018.006-.035.017-.054.022a.805.805 0 0 1-.41 0c-.022-.006-.042-.018-.063-.026-.044-.016-.09-.03-.132-.054L.402 39.944A.801.801 0 0 1 0 39.25V6.334c0-.072.01-.142.028-.21.006-.023.02-.044.028-.067.015-.042.029-.085.051-.124.015-.026.037-.047.055-.071.023-.032.044-.065.071-.093.023-.023.053-.04.079-.06.029-.024.055-.05.088-.069h.001l9.61-5.533a.802.802 0 0 1 .8 0l9.61 5.533h.002c.032.02.059.045.088.068.026.02.055.038.078.06.028.029.048.062.072.094.017.024.04.045.054.071.023.04.036.082.052.124.008.023.022.044.028.068a.809.809 0 0 1 .028.209v20.559l8.008-4.611v-10.51c0-.07.01-.141.028-.208.007-.024.02-.045.028-.068.016-.042.03-.085.052-.124.015-.026.037-.047.054-.071.024-.032.044-.065.072-.093.023-.023.052-.04.078-.06.03-.024.056-.05.088-.069h.001l9.611-5.533a.801.801 0 0 1 .8 0l9.61 5.533c.034.02.06.045.09.068.025.02.054.038.077.06.028.029.048.062.072.094.018.024.04.045.054.071.023.039.036.082.052.124.009.023.022.044.028.068zm-1.574 10.718v-9.124l-3.363 1.936-4.646 2.675v9.124l8.01-4.611zm-9.61 16.505v-9.13l-4.57 2.61-13.05 7.448v9.216l17.62-10.144zM1.602 7.719v31.068L19.22 48.93v-9.214l-9.204-5.209-.003-.002-.004-.002c-.031-.018-.057-.044-.086-.066-.025-.02-.054-.036-.076-.058l-.002-.003c-.026-.025-.044-.056-.066-.084-.02-.027-.044-.05-.06-.078l-.001-.003c-.018-.03-.029-.066-.042-.1-.013-.03-.03-.058-.038-.09v-.001c-.01-.038-.012-.078-.016-.117-.004-.03-.012-.06-.012-.09v-.002-21.481L4.965 9.654 1.602 7.72zm8.81-5.994L2.405 6.334l8.005 4.609 8.006-4.61-8.006-4.608zm4.164 28.764l4.645-2.674V7.719l-3.363 1.936-4.646 2.675v20.096l3.364-1.937zM39.243 7.164l-8.006 4.609 8.006 4.609 8.005-4.61-8.005-4.608zm-.801 10.605l-4.646-2.675-3.363-1.936v9.124l4.645 2.674 3.364 1.937v-9.124zM20.02 38.33l11.743-6.704 5.87-3.35-8-4.606-9.211 5.303-8.395 4.833 7.993 4.524z"
      fill="#FF2D20"
      fill-rule="evenodd"
    />
  </svg>
</DocumentFragment>
`;

exports[`should display a linkedin icon 1`] = `
<DocumentFragment>
  <svg
    aria-hidden="true"
    focusable="false"
    height="32"
    role="img"
    viewBox="0 0 448 512"
    width="32"
    xmlns="http://www.w3.org/2000/svg"
  >
    <title>
      Linkedin
    </title>
    <path
      d="M416 32H31.9C14.3 32 0 46.5 0 64.3v383.4C0 465.5 14.3 480 31.9 480H416c17.6 0 32-14.5 32-32.3V64.3c0-17.8-14.4-32.3-32-32.3zM135.4 416H69V202.2h66.5V416zm-33.2-243c-21.3 0-38.5-17.3-38.5-38.5S80.9 96 102.2 96c21.2 0 38.5 17.3 38.5 38.5 0 21.3-17.2 38.5-38.5 38.5zm282.1 243h-66.4V312c0-24.8-.5-56.7-34.5-56.7-34.6 0-39.9 27-39.9 54.9V416h-66.4V202.2h63.7v29.2h.9c8.9-16.8 30.6-34.5 62.9-34.5 67.2 0 79.7 44.3 79.7 101.9V416z"
      fill="#484848"
    />
  </svg>
</DocumentFragment>
`;

exports[`should display a node icon 1`] = `
<DocumentFragment>
  <svg
    fill="#484848"
    height="32px"
    viewBox="0 0 442.37 270.929"
    width="32px"
  >
    <title>
      Node
    </title>
    <defs>
      <clippath
        id="a"
      >
        <path
          d="M239.03 226.605l-42.13 24.317c-1.578.91-2.546 2.59-2.546 4.406v48.668c0 1.817.968 3.496 2.546 4.406l42.133 24.336c1.575.907 3.517.907 5.09 0l42.126-24.336c1.57-.91 2.54-2.59 2.54-4.406v-48.668c0-1.816-.97-3.496-2.55-4.406l-42.12-24.317c-.79-.453-1.67-.68-2.55-.68-.88 0-1.76.227-2.55.68"
        />
      </clippath>
      <lineargradient
        gradientTransform="rotate(116.114 53.1 202.97) scale(86.48)"
        gradientUnits="userSpaceOnUse"
        id="b"
        x1="-.348"
        x2="1.251"
      >
        <stop
          offset=".3"
          stop-color="#3E863D"
        />
        <stop
          offset=".5"
          stop-color="#55934F"
        />
        <stop
          offset=".8"
          stop-color="#5AAD45"
        />
      </lineargradient>
      <clippath
        id="c"
      >
        <path
          d="M195.398 307.086c.403.523.907.976 1.5 1.316l36.14 20.875 6.02 3.46c.9.52 1.926.74 2.934.665.336-.027.672-.09 1-.183l44.434-81.36c-.34-.37-.738-.68-1.184-.94l-27.586-15.93-14.582-8.39c-.414-.24-.863-.41-1.32-.53zm0 0"
        />
      </clippath>
      <lineargradient
        gradientTransform="rotate(-36.46 550.846 -214.337) scale(132.798)"
        gradientUnits="userSpaceOnUse"
        id="d"
        x1="-.456"
        x2=".582"
      >
        <stop
          offset=".57"
          stop-color="#3E863D"
        />
        <stop
          offset=".72"
          stop-color="#619857"
        />
        <stop
          offset="1"
          stop-color="#76AC64"
        />
      </lineargradient>
      <clippath
        id="e"
      >
        <path
          d="M241.066 225.953c-.707.07-1.398.29-2.035.652l-42.01 24.247 45.3 82.51c.63-.09 1.25-.3 1.81-.624l42.13-24.336c1.3-.754 2.19-2.03 2.46-3.476l-46.18-78.89c-.34-.067-.68-.102-1.03-.102-.14 0-.28.007-.42.02"
        />
      </clippath>
      <lineargradient
        gradientTransform="translate(192.862 279.652) scale(97.417)"
        gradientUnits="userSpaceOnUse"
        id="f"
        x1=".043"
        x2=".984"
      >
        <stop
          offset=".16"
          stop-color="#6BBF47"
        />
        <stop
          offset=".38"
          stop-color="#79B461"
        />
        <stop
          offset=".47"
          stop-color="#75AC64"
        />
        <stop
          offset=".7"
          stop-color="#659E5A"
        />
        <stop
          offset=".9"
          stop-color="#3E863D"
        />
      </lineargradient>
    </defs>
    <path
      d="M218.647 270.93c-1.46 0-2.91-.383-4.19-1.12l-13.337-7.896c-1.992-1.114-1.02-1.508-.363-1.735 2.656-.93 3.195-1.14 6.03-2.75.298-.17.688-.11.993.07l10.246 6.08c.37.2.895.2 1.238 0l39.95-23.06c.37-.21.61-.64.61-1.08v-46.1c0-.46-.24-.87-.618-1.1l-39.934-23.04c-.37-.22-.86-.22-1.23 0l-39.926 23.04c-.387.22-.633.65-.633 1.09v46.1c0 .44.24.86.62 1.07l10.94 6.32c5.94 2.97 9.57-.53 9.57-4.05v-45.5c0-.65.51-1.15 1.16-1.15h5.06c.63 0 1.15.5 1.15 1.15v45.52c0 7.92-4.32 12.47-11.83 12.47-2.31 0-4.13 0-9.21-2.5l-10.48-6.04c-2.59-1.5-4.19-4.3-4.19-7.29v-46.1c0-3 1.6-5.8 4.19-7.28l39.99-23.07c2.53-1.43 5.89-1.43 8.4 0l39.94 23.08c2.58 1.49 4.19 4.28 4.19 7.28v46.1c0 2.99-1.61 5.78-4.19 7.28l-39.94 23.07c-1.28.74-2.73 1.12-4.21 1.12"
      fill="#689f63"
    />
    <path
      d="M230.987 239.164c-17.48 0-21.145-8.024-21.145-14.754 0-.64.516-1.15 1.157-1.15h5.16c.57 0 1.05.415 1.14.978.78 5.258 3.1 7.91 13.67 7.91 8.42 0 12-1.902 12-6.367 0-2.57-1.02-4.48-14.1-5.76-10.94-1.08-17.7-3.49-17.7-12.24 0-8.06 6.8-12.86 18.19-12.86 12.79 0 19.13 4.44 19.93 13.98.03.33-.09.65-.31.89-.22.23-.53.37-.85.37h-5.19c-.54 0-1.01-.38-1.12-.9-1.25-5.53-4.27-7.3-12.48-7.3-9.19 0-10.26 3.2-10.26 5.6 0 2.91 1.26 3.76 13.66 5.4 12.28 1.63 18.11 3.93 18.11 12.56 0 8.7-7.26 13.69-19.92 13.69m48.66-48.89h1.34c1.1 0 1.31-.77 1.31-1.22 0-1.18-.81-1.18-1.26-1.18h-1.38zm-1.63-3.78h2.97c1.02 0 3.02 0 3.02 2.28 0 1.59-1.02 1.92-1.63 2.12 1.19.08 1.27.86 1.43 1.96.08.69.21 1.88.45 2.28h-1.83c-.05-.4-.33-2.6-.33-2.72-.12-.49-.29-.73-.9-.73h-1.51v3.46h-1.67zm-3.57 4.3c0 3.58 2.89 6.48 6.44 6.48 3.58 0 6.47-2.96 6.47-6.48 0-3.59-2.93-6.44-6.48-6.44-3.5 0-6.44 2.81-6.44 6.43m14.16.03c0 4.24-3.47 7.7-7.7 7.7-4.2 0-7.7-3.42-7.7-7.7 0-4.36 3.58-7.7 7.7-7.7 4.15 0 7.69 3.35 7.69 7.7"
      fill="#689f63"
    />
    <path
      d="M94.936 90.55c0-1.84-.97-3.53-2.558-4.445l-42.356-24.37c-.715-.42-1.516-.64-2.328-.67h-.438c-.812.03-1.613.25-2.34.67L2.562 86.105C.984 87.025 0 88.715 0 90.555l.093 65.64c0 .91.47 1.76 1.27 2.21.78.48 1.76.48 2.54 0l25.18-14.42c1.59-.946 2.56-2.618 2.56-4.44V108.88c0-1.83.97-3.52 2.555-4.43l10.72-6.174c.796-.46 1.67-.688 2.56-.688.876 0 1.77.226 2.544.687l10.715 6.172c1.586.91 2.56 2.6 2.56 4.43v30.663c0 1.82.983 3.5 2.565 4.44l25.164 14.41c.79.47 1.773.47 2.56 0 .776-.45 1.268-1.3 1.268-2.21zm199.868 34.176c0 .457-.243.88-.64 1.106l-14.548 8.386c-.395.227-.883.227-1.277 0l-14.55-8.386c-.4-.227-.64-.65-.64-1.106V107.93c0-.458.24-.88.63-1.11l14.54-8.4c.4-.23.89-.23 1.29 0l14.55 8.4c.4.23.64.652.64 1.11zM298.734.324c-.794-.442-1.76-.43-2.544.027-.78.46-1.262 1.3-1.262 2.21v65c0 .64-.34 1.23-.894 1.55-.55.32-1.235.32-1.79 0L281.634 63c-1.58-.914-3.526-.914-5.112 0l-42.37 24.453c-1.583.91-2.56 2.6-2.56 4.42v48.92c0 1.83.977 3.51 2.56 4.43l42.37 24.47c1.582.91 3.53.91 5.117 0l42.37-24.48c1.58-.92 2.56-2.6 2.56-4.43V18.863c0-1.856-1.01-3.563-2.63-4.47zm141.093 107.164c1.574-.914 2.543-2.602 2.543-4.422V91.21c0-1.824-.97-3.507-2.547-4.425l-42.1-24.44c-1.59-.92-3.54-.92-5.13 0l-42.36 24.45c-1.59.92-2.56 2.6-2.56 4.43v48.9c0 1.84.99 3.54 2.58 4.45l42.09 23.99c1.55.89 3.45.9 5.02.03l25.46-14.15c.8-.45 1.31-1.3 1.31-2.22 0-.92-.49-1.78-1.29-2.23l-42.62-24.46c-.8-.45-1.29-1.3-1.29-2.21v-15.34c0-.916.48-1.76 1.28-2.216l13.26-7.65c.79-.46 1.76-.46 2.55 0l13.27 7.65c.79.45 1.28 1.3 1.28 2.21v12.06c0 .91.49 1.76 1.28 2.22.79.45 1.77.45 2.56-.01zm0 0"
      fill="#333"
      fill-rule="evenodd"
    />
    <path
      d="M394.538 105.2c.3-.177.676-.177.98 0l8.13 4.69c.304.176.49.5.49.85v9.39c0 .35-.186.674-.49.85l-8.13 4.69c-.304.177-.68.177-.98 0l-8.125-4.69c-.31-.176-.5-.5-.5-.85v-9.39c0-.35.18-.674.49-.85zm0 0"
      fill="#689f63"
      fill-rule="evenodd"
    />
    <g
      clip-path="url(#a)"
      transform="translate(-78.306 -164.016)"
    >
      <path
        d="M331.363 246.793l-118.715-58.19-60.87 124.174L270.49 370.97zm0 0"
        fill="url(#b)"
      />
    </g>
    <g
      clip-path="url(#c)"
      transform="translate(-78.306 -164.016)"
    >
      <path
        d="M144.07 264.004l83.825 113.453 110.86-81.906-83.83-113.45zm0 0"
        fill="url(#d)"
      />
    </g>
    <g
      clip-path="url(#e)"
      transform="translate(-78.306 -164.016)"
    >
      <path
        d="M197.02 225.934v107.43h91.683v-107.43zm0 0"
        fill="url(#f)"
      />
    </g>
  </svg>
</DocumentFragment>
`;

exports[`should display a react icon 1`] = `
<DocumentFragment>
  <svg
    fill="#484848"
    height="32px"
    viewBox="0 0 128 128"
    width="32px"
  >
    <title>
      React
    </title>
    <g
      fill="#61DAFB"
    >
      <circle
        cx="64"
        cy="64"
        r="11.4"
      />
      <path
        d="M107.3 45.2c-2.2-.8-4.5-1.6-6.9-2.3.6-2.4 1.1-4.8 1.5-7.1 2.1-13.2-.2-22.5-6.6-26.1-1.9-1.1-4-1.6-6.4-1.6-7 0-15.9 5.2-24.9 13.9-9-8.7-17.9-13.9-24.9-13.9-2.4 0-4.5.5-6.4 1.6-6.4 3.7-8.7 13-6.6 26.1.4 2.3.9 4.7 1.5 7.1-2.4.7-4.7 1.4-6.9 2.3-12.5 4.8-19.3 11.4-19.3 18.8s6.9 14 19.3 18.8c2.2.8 4.5 1.6 6.9 2.3-.6 2.4-1.1 4.8-1.5 7.1-2.1 13.2.2 22.5 6.6 26.1 1.9 1.1 4 1.6 6.4 1.6 7.1 0 16-5.2 24.9-13.9 9 8.7 17.9 13.9 24.9 13.9 2.4 0 4.5-.5 6.4-1.6 6.4-3.7 8.7-13 6.6-26.1-.4-2.3-.9-4.7-1.5-7.1 2.4-.7 4.7-1.4 6.9-2.3 12.5-4.8 19.3-11.4 19.3-18.8s-6.8-14-19.3-18.8zm-14.8-30.5c4.1 2.4 5.5 9.8 3.8 20.3-.3 2.1-.8 4.3-1.4 6.6-5.2-1.2-10.7-2-16.5-2.5-3.4-4.8-6.9-9.1-10.4-13 7.4-7.3 14.9-12.3 21-12.3 1.3 0 2.5.3 3.5.9zm-11.2 59.3c-1.8 3.2-3.9 6.4-6.1 9.6-3.7.3-7.4.4-11.2.4-3.9 0-7.6-.1-11.2-.4-2.2-3.2-4.2-6.4-6-9.6-1.9-3.3-3.7-6.7-5.3-10 1.6-3.3 3.4-6.7 5.3-10 1.8-3.2 3.9-6.4 6.1-9.6 3.7-.3 7.4-.4 11.2-.4 3.9 0 7.6.1 11.2.4 2.2 3.2 4.2 6.4 6 9.6 1.9 3.3 3.7 6.7 5.3 10-1.7 3.3-3.4 6.6-5.3 10zm8.3-3.3c1.5 3.5 2.7 6.9 3.8 10.3-3.4.8-7 1.4-10.8 1.9 1.2-1.9 2.5-3.9 3.6-6 1.2-2.1 2.3-4.2 3.4-6.2zm-25.6 27.1c-2.4-2.6-4.7-5.4-6.9-8.3 2.3.1 4.6.2 6.9.2 2.3 0 4.6-.1 6.9-.2-2.2 2.9-4.5 5.7-6.9 8.3zm-18.6-15c-3.8-.5-7.4-1.1-10.8-1.9 1.1-3.3 2.3-6.8 3.8-10.3 1.1 2 2.2 4.1 3.4 6.1 1.2 2.2 2.4 4.1 3.6 6.1zm-7-25.5c-1.5-3.5-2.7-6.9-3.8-10.3 3.4-.8 7-1.4 10.8-1.9-1.2 1.9-2.5 3.9-3.6 6-1.2 2.1-2.3 4.2-3.4 6.2zm25.6-27.1c2.4 2.6 4.7 5.4 6.9 8.3-2.3-.1-4.6-.2-6.9-.2-2.3 0-4.6.1-6.9.2 2.2-2.9 4.5-5.7 6.9-8.3zm22.2 21l-3.6-6c3.8.5 7.4 1.1 10.8 1.9-1.1 3.3-2.3 6.8-3.8 10.3-1.1-2.1-2.2-4.2-3.4-6.2zm-54.5-16.2c-1.7-10.5-.3-17.9 3.8-20.3 1-.6 2.2-.9 3.5-.9 6 0 13.5 4.9 21 12.3-3.5 3.8-7 8.2-10.4 13-5.8.5-11.3 1.4-16.5 2.5-.6-2.3-1-4.5-1.4-6.6zm-24.7 29c0-4.7 5.7-9.7 15.7-13.4 2-.8 4.2-1.5 6.4-2.1 1.6 5 3.6 10.3 6 15.6-2.4 5.3-4.5 10.5-6 15.5-13.8-4-22.1-10-22.1-15.6zm28.5 49.3c-4.1-2.4-5.5-9.8-3.8-20.3.3-2.1.8-4.3 1.4-6.6 5.2 1.2 10.7 2 16.5 2.5 3.4 4.8 6.9 9.1 10.4 13-7.4 7.3-14.9 12.3-21 12.3-1.3 0-2.5-.3-3.5-.9zm60.8-20.3c1.7 10.5.3 17.9-3.8 20.3-1 .6-2.2.9-3.5.9-6 0-13.5-4.9-21-12.3 3.5-3.8 7-8.2 10.4-13 5.8-.5 11.3-1.4 16.5-2.5.6 2.3 1 4.5 1.4 6.6zm9-15.6c-2 .8-4.2 1.5-6.4 2.1-1.6-5-3.6-10.3-6-15.6 2.4-5.3 4.5-10.5 6-15.5 13.8 4 22.1 10 22.1 15.6 0 4.7-5.8 9.7-15.7 13.4z"
      />
    </g>
  </svg>
</DocumentFragment>
`;

exports[`should display a vue icon 1`] = `
<DocumentFragment>
  <svg
    height="32px"
    viewBox="0 0 128 128"
    width="32px"
  >
    <title>
      Vue
    </title>
    <svg
      viewBox="0 0 128 128"
    >
      <path
        d="m-2.3125e-8 8.9337 49.854 0.1586 14.167 24.47 14.432-24.47 49.547-0.1577-63.834 110.14zm126.98 0.6374-24.36 0.0207-38.476 66.052-38.453-66.052-24.749-0.0194 63.211 107.89zm-25.149-0.008-22.745 0.16758l-15.053 24.647-14.817-24.647-22.794-0.1679 37.731 64.476zM25.997 9.3929l23.002 0.0087M25.997 9.3929l23.002 0.0087"
        fill="none"
      />
      <path
        d="m25.997 9.3929 23.002 0.0087l15.036 24.958 14.983-24.956 22.982-0.0057-37.85 65.655z"
        fill="#35495e"
      />
      <path
        d="m0.91068 9.5686 25.066-0.1711 38.151 65.658 37.852-65.654 25.11 0.0263-62.966 108.06z"
        fill="#41b883"
      />
    </svg>
  </svg>
</DocumentFragment>
`;

exports[`should display an Electron icon 1`] = `
<DocumentFragment>
  <svg
    height="32px"
    viewBox="0 0 128 128"
    width="32px"
  >
    <title>
      Electron
    </title>
    <g
      id="original"
    >
      <path
        d="M49.07,32.66c-14.37-2.62-25.72.12-30.25,8-3.38,5.85-2.41,13.61,2.34,21.9a1.47,1.47,0,0,0,2.56-1.47c-4.28-7.47-5.12-14.17-2.35-19,3.76-6.51,13.89-9,27.17-6.54a1.47,1.47,0,1,0,.53-2.9ZM28.63,72.61a92.2,92.2,0,0,0,22,17.34c20.84,12,43,15.25,54,7.79a1.47,1.47,0,0,0-1.66-2.43C93.11,102,72,98.92,52.07,87.39A89.27,89.27,0,0,1,30.81,70.62a1.47,1.47,0,0,0-2.18,2Z"
      />
      <path
        d="M101.06,70.81c9.41-11.11,12.69-22.29,8.17-30.11-3.32-5.76-10.35-8.8-19.69-8.92a1.47,1.47,0,0,0,0,2.95c8.4.11,14.45,2.73,17.18,7.45,3.75,6.5.82,16.47-7.87,26.74a1.47,1.47,0,1,0,2.25,1.9ZM76.89,33.15a92,92,0,0,0-26.25,10.4C29.13,56,15.09,74.29,17,87.57A1.47,1.47,0,0,0,20,87.14C18.23,75.35,31.53,58,52.11,46.11A89.07,89.07,0,0,1,77.51,36a1.47,1.47,0,1,0-.62-2.88Z"
      />
      <path
        d="M42,96.78C47,110.51,55,119,64.05,119c6.6,0,12.7-4.5,17.46-12.42A1.47,1.47,0,1,0,79,105c-4.28,7.12-9.53,11-14.94,11-7.52,0-14.69-7.54-19.24-20.24a1.47,1.47,0,0,0-2.77,1ZM87,94.09a92.5,92.5,0,0,0,3.91-27.3c0-24.41-8.54-45.44-20.71-50.85A1.47,1.47,0,0,0,69,18.64c10.85,4.82,19,24.78,19,48.15a89.57,89.57,0,0,1-3.78,26.42,1.47,1.47,0,0,0,2.81.88Z"
      />
      <path
        d="M114.71,92.65a7.05,7.05,0,1,0-7.05,7.05,7.05,7.05,0,0,0,7.05-7.05Zm-2.95,0a4.1,4.1,0,1,1-4.1-4.1,4.1,4.1,0,0,1,4.1,4.1Z"
      />
      <path
        d="M20.34,99.7a7.05,7.05,0,1,0-7.05-7.05,7.05,7.05,0,0,0,7.05,7.05Zm0-2.95a4.1,4.1,0,1,1,4.1-4.1,4.1,4.1,0,0,1-4.1,4.1Z"
      />
      <path
        d="M64.05,23.13A7.05,7.05,0,1,0,57,16.08a7.05,7.05,0,0,0,7.05,7.05Zm0-2.95a4.1,4.1,0,1,1,4.1-4.1,4.1,4.1,0,0,1-4.1,4.1Z"
      />
      <path
        d="M65.13,71.77A5.1,5.1,0,1,1,69,65.71,5.1,5.1,0,0,1,65.13,71.77Z"
      />
    </g>
  </svg>
</DocumentFragment>
`;
